// Jest Snapshot v1, https://goo.gl/fbAQLP

exports[`<Progress/> should render a <Progress/> components 1`] = `
<div>
  <div
    class="cuke-progress cuke-progress-default"
    percent="70"
  >
    <div
      class="cuke-progress-enter"
    >
      <div
        class="cuke-progress-bg"
        style="width:70%"
      />
    </div>
    <div
      class="cuke-progress-num"
    >
      70%
    </div>
  </div>
  <div
    class="cuke-progress cuke-progress-default"
    percent="70"
  >
    <div
      class="cuke-progress-enter"
    >
      <div
        class="cuke-progress-bg"
        style="width:70%"
      />
    </div>
    <div
      class="cuke-progress-num"
    >
      70%
    </div>
  </div>
  <div
    class="cuke-progress-circle-wrapper cuke-progress-default"
    percent="70"
  >
    <svg
      class="cuke-progress-circle"
      height="100"
      viewBox="0 0 100 100"
      width="100"
    >
      <circle
        class="cuke-progress-circle-bg"
        cx="50"
        cy="50"
        r="47"
      />
      <circle
        class="cuke-progress-circle-stroke-default"
        cx="50"
        cy="50"
        r="47"
        stroke-dasharray="206.7167966062084 88.59291283123218"
      />
    </svg>
    <div
      class="cuke-progress-circle-percent"
    >
      70%
    </div>
  </div>
</div>
`;

exports[`<Progress/> should render five type width <Progress/>  1`] = `
<div>
  <div
    class="cuke-progress cuke-progress-default"
    percent="20"
  >
    <div
      class="cuke-progress-enter"
    >
      <div
        class="cuke-progress-bg"
        style="width:20%"
      />
    </div>
    <div
      class="cuke-progress-num"
    >
      20%
    </div>
  </div>
  <div
    class="cuke-progress cuke-progress-success"
    percent="30"
  >
    <div
      class="cuke-progress-enter"
    >
      <div
        class="cuke-progress-bg"
        style="width:30%"
      />
    </div>
    <div
      class="cuke-progress-num"
    >
      30%
    </div>
  </div>
  <div
    class="cuke-progress cuke-progress-info"
    percent="40"
  >
    <div
      class="cuke-progress-enter"
    >
      <div
        class="cuke-progress-bg"
        style="width:40%"
      />
    </div>
    <div
      class="cuke-progress-num"
    >
      40%
    </div>
  </div>
  <div
    class="cuke-progress cuke-progress-warning"
    percent="50"
  >
    <div
      class="cuke-progress-enter"
    >
      <div
        class="cuke-progress-bg"
        style="width:50%"
      />
    </div>
    <div
      class="cuke-progress-num"
    >
      50%
    </div>
  </div>
  <div
    class="cuke-progress cuke-progress-error"
    percent="60"
  >
    <div
      class="cuke-progress-enter"
    >
      <div
        class="cuke-progress-bg"
        style="width:60%"
      />
    </div>
    <div
      class="cuke-progress-num"
    >
      60%
    </div>
  </div>
  <div
    class="cuke-progress cuke-progress-default"
    percent="20"
  >
    <div
      class="cuke-progress-enter"
    >
      <div
        class="cuke-progress-bg"
        style="width:20%"
      />
    </div>
    <div
      class="cuke-progress-num"
    >
      20%
    </div>
  </div>
  <div
    class="cuke-progress cuke-progress-success"
    percent="30"
  >
    <div
      class="cuke-progress-enter"
    >
      <div
        class="cuke-progress-bg"
        style="width:30%"
      />
    </div>
    <div
      class="cuke-progress-num"
    >
      30%
    </div>
  </div>
  <div
    class="cuke-progress cuke-progress-info"
    percent="40"
  >
    <div
      class="cuke-progress-enter"
    >
      <div
        class="cuke-progress-bg"
        style="width:40%"
      />
    </div>
    <div
      class="cuke-progress-num"
    >
      40%
    </div>
  </div>
  <div
    class="cuke-progress cuke-progress-warning"
    percent="50"
  >
    <div
      class="cuke-progress-enter"
    >
      <div
        class="cuke-progress-bg"
        style="width:50%"
      />
    </div>
    <div
      class="cuke-progress-num"
    >
      50%
    </div>
  </div>
  <div
    class="cuke-progress cuke-progress-error"
    percent="60"
  >
    <div
      class="cuke-progress-enter"
    >
      <div
        class="cuke-progress-bg"
        style="width:60%"
      />
    </div>
    <div
      class="cuke-progress-num"
    >
      60%
    </div>
  </div>
</div>
`;
