// Jest Snapshot v1, https://goo.gl/fbAQLP

exports[`<Button/> should render a <Button/> components 1`] = `
<div>
  <button
    class="cuke-button btn-default"
    type="button"
  >
    <span>
      你好
    </span>
  </button>
  <button
    class="cuke-button btn-primary"
    type="button"
  >
    <span>
      你好
    </span>
  </button>
  <button
    class="cuke-button btn-info"
    type="button"
  >
    <span>
      你好
    </span>
  </button>
  <button
    class="cuke-button btn-warning"
    type="button"
  >
    <span>
      你好
    </span>
  </button>
  <button
    class="cuke-button btn-error"
    type="button"
  >
    <span>
      你好
    </span>
  </button>
  <button
    class="cuke-button btn-success"
    type="button"
  >
    <span>
      你好
    </span>
  </button>
  <button
    class="cuke-button btn-default btn-disabled"
    disabled=""
    type="button"
  >
    <span>
      你好
    </span>
  </button>
  <button
    class="cuke-button btn-default btn-loading"
    disabled=""
    type="button"
  >
    <svg
      attr="[object Object]"
      class="undefined cuke-loading"
      fill="none"
      height="1em"
      stroke="currentColor"
      stroke-linecap="round"
      stroke-linejoin="round"
      stroke-width="2"
      viewBox="0 0 24 24"
      width="1em"
    >
      <line
        x1="12"
        x2="12"
        y1="2"
        y2="6"
      />
      <line
        x1="12"
        x2="12"
        y1="18"
        y2="22"
      />
      <line
        x1="4.93"
        x2="7.76"
        y1="4.93"
        y2="7.76"
      />
      <line
        x1="16.24"
        x2="19.07"
        y1="16.24"
        y2="19.07"
      />
      <line
        x1="2"
        x2="6"
        y1="12"
        y2="12"
      />
      <line
        x1="18"
        x2="22"
        y1="12"
        y2="12"
      />
      <line
        x1="4.93"
        x2="7.76"
        y1="19.07"
        y2="16.24"
      />
      <line
        x1="16.24"
        x2="19.07"
        y1="7.76"
        y2="4.93"
      />
    </svg>
    <span>
      加载中...
    </span>
  </button>
  <button
    class="cuke-button btn-default btn-block"
    type="button"
  >
    <span>
      100%
    </span>
  </button>
</div>
`;
