// Jest Snapshot v1, https://goo.gl/fbAQLP

exports[`<Button/> should render a <Button/> components 1`] = `
<div>
  <button
    class="cuke-button cuke-button-default cuke-button-normal"
    type="button"
  >
    <span>
      你好
    </span>
  </button>
  <button
    class="cuke-button cuke-button-primary"
    type="button"
  >
    <span>
      你好
    </span>
  </button>
  <button
    class="cuke-button cuke-button-info"
    type="button"
  >
    <span>
      你好
    </span>
  </button>
  <button
    class="cuke-button cuke-button-warning"
    type="button"
  >
    <span>
      你好
    </span>
  </button>
  <button
    class="cuke-button cuke-button-error"
    type="button"
  >
    <span>
      你好
    </span>
  </button>
  <button
    class="cuke-button cuke-button-success"
    type="button"
  >
    <span>
      你好
    </span>
  </button>
  <button
    class="cuke-button cuke-button-normal cuke-button-disabled"
    disabled=""
    type="button"
  >
    <span>
      你好
    </span>
  </button>
  <button
    class="cuke-button cuke-button-default cuke-button-normal cuke-button-loading"
    disabled=""
    type="button"
  >
    <svg
      class="cuke-loading"
      fill="none"
      height="1em"
      stroke="currentColor"
      stroke-linecap="round"
      stroke-linejoin="round"
      stroke-width="2"
      viewBox="0 0 24 24"
      width="1em"
    >
      <line
        x1="12"
        x2="12"
        y1="2"
        y2="6"
      />
      <line
        x1="12"
        x2="12"
        y1="18"
        y2="22"
      />
      <line
        x1="4.93"
        x2="7.76"
        y1="4.93"
        y2="7.76"
      />
      <line
        x1="16.24"
        x2="19.07"
        y1="16.24"
        y2="19.07"
      />
      <line
        x1="2"
        x2="6"
        y1="12"
        y2="12"
      />
      <line
        x1="18"
        x2="22"
        y1="12"
        y2="12"
      />
      <line
        x1="4.93"
        x2="7.76"
        y1="19.07"
        y2="16.24"
      />
      <line
        x1="16.24"
        x2="19.07"
        y1="7.76"
        y2="4.93"
      />
    </svg>
    <span>
      加载中..
    </span>
  </button>
  <button
    class="cuke-button cuke-button-default cuke-button-normal cuke-button-block"
    type="button"
  >
    <span>
      100%
    </span>
  </button>
  <button
    class="cuke-button cuke-button-default cuke-button-normal cuke-button-circle"
    type="button"
  >
    <span>
      圆形
    </span>
  </button>
  <button
    class="cuke-button cuke-button-primary cuke-button-size-large"
    type="button"
  >
    <span>
      大
    </span>
  </button>
  <button
    class="cuke-button cuke-button-info"
    type="button"
  >
    <span>
      中
    </span>
  </button>
  <button
    class="cuke-button cuke-button-warning cuke-button-size-small"
    type="button"
  >
    <span>
      小
    </span>
  </button>
</div>
`;
