// Jest Snapshot v1, https://goo.gl/fbAQLP

exports[`<Dropdown/> should render a <Dropdown/> components 1`] = `
<div>
  <div
    class="cuke-dropdown"
  >
    <div
      class="cuke-dropdown-wrap"
    >
      <a
        href="#"
      >
        今日菜单(有动画)
      </a>
    </div>
    <div
      class="cuke-dropdown-overlay cuke-dropdown-overlay-slideUp"
      style="top:0;left:0"
    >
      <ul>
        <li>
           红烧牛肉 
        </li>
        <li>
           麻辣干锅 
        </li>
        <li>
           仔姜肉丝 
        </li>
      </ul>
    </div>
  </div>
  <div
    class="cuke-dropdown"
  >
    <div
      class="cuke-dropdown-wrap"
    >
      <a
        href="#"
      >
        今日菜单(无动画)
      </a>
    </div>
    <div
      class="cuke-dropdown-overlay"
      style="top:0;left:0"
    >
      <ul>
        <li>
           红烧牛肉 
        </li>
        <li>
           麻辣干锅 
        </li>
        <li>
           仔姜肉丝 
        </li>
      </ul>
    </div>
  </div>
</div>
`;

exports[`<Dropdown/> should render many animate type 1`] = `
<div
  className="cuke-dropdown"
  onBlur={[Function]}
  onFocus={[Function]}
  onMouseEnter={[Function]}
  onMouseLeave={[Function]}
>
  <div
    className="cuke-dropdown-wrap"
  >
    slideUp
  </div>
  <div
    className="cuke-dropdown-overlay cuke-dropdown-overlay-show cuke-dropdown-overlay-slideUp"
    style={
      Object {
        "left": 0,
        "top": 0,
      }
    }
  >
    <ul>
      <li>
         红烧牛肉 
      </li>
      <li>
         麻辣干锅 
      </li>
      <li>
         仔姜肉丝 
      </li>
    </ul>
  </div>
</div>
`;
