// Jest Snapshot v1, https://goo.gl/fbAQLP

exports[`<Dropdown/> should render a <Dropdown/> components 1`] = `
<div>
  <div
    class="cuke-popover cuke-dropdown"
  >
    <div
      class="cuke-tooltip"
    >
      <div
        class="cuke-tooltip-wrapper cuke-tooltip-position-bottom cuke-tooltip-light cuke-popover-wrapper cuke-dropdown-wrapper cuke-tooltip-hide cuke-ui-no-animate"
        style="left:0;top:0"
      >
        <div
          class="cuke-popover-content"
        >
          <ul>
            <li>
               红烧牛肉 
            </li>
            <li>
               麻辣干锅 
            </li>
            <li>
               仔姜肉丝 
            </li>
          </ul>
        </div>
      </div>
      <span
        class="cuke-tooltip-trigger-wrapper"
      >
        <a
          href="#"
        >
          今日菜单(有动画)
        </a>
      </span>
    </div>
  </div>
  <div
    class="cuke-popover cuke-dropdown"
  >
    <div
      class="cuke-tooltip"
    >
      <div
        class="cuke-tooltip-wrapper cuke-tooltip-position-bottom cuke-tooltip-light cuke-popover-wrapper cuke-dropdown-wrapper cuke-tooltip-hide cuke-ui-no-animate"
        style="left:0;top:0"
      >
        <div
          class="cuke-popover-content"
        >
          <ul>
            <li>
               红烧牛肉 
            </li>
            <li>
               麻辣干锅 
            </li>
            <li>
               仔姜肉丝 
            </li>
          </ul>
        </div>
      </div>
      <span
        class="cuke-tooltip-trigger-wrapper"
      >
        <a
          href="#"
        >
          今日菜单(无动画)
        </a>
      </span>
    </div>
  </div>
</div>
`;
