// Jest Snapshot v1, https://goo.gl/fbAQLP

exports[`<DatePicker/> should can not render any text when not show prev and next month day  1`] = `
<div
  className="cuke-date-picker cuke-date-picker-position-bottom"
  onChange={[Function]}
  value={"2018-11-24T16:00:00.000Z"}
>
  <div
    className="cuke-date-picker-inner"
  >
    <Input
      className="cuke-date-picker-input"
      disabled={false}
      onChange={[Function]}
      onClick={[Function]}
      placeholder="请选择"
      prefixCls="cuke-input"
      readonly={true}
      type="text"
      value="2018-11-25"
    />
    <DownIcon
      className="cuke-date-picker-arrow"
    />
  </div>
  <div
    className="cuke-date-picker-content cuke-date-picker-close cuke-ui-no-animate"
    style={
      Object {
        "left": undefined,
        "top": undefined,
      }
    }
  >
    <Spin
      indicator={<LoadingIcon />}
      prefixCls="cuke-spin"
      size="large"
      spinning={false}
      tip=""
    >
      <div
        className="cuke-date-picker-header"
      >
        <span
          className="cuke-date-picker-date"
        >
          2018
          年 
            
          11
          月
        </span>
        <span
          className="cuke-date-picker-switch"
        >
          <span
            className="cuke-date-picker-switch-group"
            onClick={[Function]}
          >
            <ArrowLeftIcon />
          </span>
          <span
            className="cuke-date-picker-switch-group"
            onClick={[Function]}
          >
            <ArrowRightIcon />
          </span>
        </span>
      </div>
      <div
        className="cuke-date-picker-items"
      >
        <div>
          <span
            className="cuke-date-picker-item cuke-date-picker-day-title"
            key="一"
          >
            一
          </span>
          <span
            className="cuke-date-picker-item cuke-date-picker-day-title"
            key="二"
          >
            二
          </span>
          <span
            className="cuke-date-picker-item cuke-date-picker-day-title"
            key="三"
          >
            三
          </span>
          <span
            className="cuke-date-picker-item cuke-date-picker-day-title"
            key="四"
          >
            四
          </span>
          <span
            className="cuke-date-picker-item cuke-date-picker-day-title"
            key="五"
          >
            五
          </span>
          <span
            className="cuke-date-picker-item cuke-date-picker-day-title"
            key="六"
          >
            六
          </span>
          <span
            className="cuke-date-picker-item cuke-date-picker-day-title"
            key="日"
          >
            日
          </span>
        </div>
        <span
          className="cuke-date-picker-item cuke-date-picker-last-month"
          key="first-date-30"
        />
        <span
          className="cuke-date-picker-item cuke-date-picker-last-month"
          key="first-date-31"
        />
        <span
          className="cuke-date-picker-item cuke-date-picker-last-month"
          key="first-date-1"
        />
        <span
          className="cuke-date-picker-item cuke-date-picker-current-month"
          key="date-0"
          onClick={[Function]}
        >
          1
          <div
            className="cuke-date-picker-item-content"
          />
        </span>
        <span
          className="cuke-date-picker-item cuke-date-picker-current-month"
          key="date-1"
          onClick={[Function]}
        >
          2
          <div
            className="cuke-date-picker-item-content"
          />
        </span>
        <span
          className="cuke-date-picker-item cuke-date-picker-current-month"
          key="date-2"
          onClick={[Function]}
        >
          3
          <div
            className="cuke-date-picker-item-content"
          />
        </span>
        <span
          className="cuke-date-picker-item cuke-date-picker-current-month"
          key="date-3"
          onClick={[Function]}
        >
          4
          <div
            className="cuke-date-picker-item-content"
          />
        </span>
        <span
          className="cuke-date-picker-item cuke-date-picker-current-month"
          key="date-4"
          onClick={[Function]}
        >
          5
          <div
            className="cuke-date-picker-item-content"
          />
        </span>
        <span
          className="cuke-date-picker-item cuke-date-picker-current-month"
          key="date-5"
          onClick={[Function]}
        >
          6
          <div
            className="cuke-date-picker-item-content"
          />
        </span>
        <span
          className="cuke-date-picker-item cuke-date-picker-current-month"
          key="date-6"
          onClick={[Function]}
        >
          7
          <div
            className="cuke-date-picker-item-content"
          />
        </span>
        <span
          className="cuke-date-picker-item cuke-date-picker-current-month"
          key="date-7"
          onClick={[Function]}
        >
          8
          <div
            className="cuke-date-picker-item-content"
          />
        </span>
        <span
          className="cuke-date-picker-item cuke-date-picker-current-month"
          key="date-8"
          onClick={[Function]}
        >
          9
          <div
            className="cuke-date-picker-item-content"
          />
        </span>
        <span
          className="cuke-date-picker-item cuke-date-picker-current-month"
          key="date-9"
          onClick={[Function]}
        >
          10
          <div
            className="cuke-date-picker-item-content"
          />
        </span>
        <span
          className="cuke-date-picker-item cuke-date-picker-current-month"
          key="date-10"
          onClick={[Function]}
        >
          11
          <div
            className="cuke-date-picker-item-content"
          />
        </span>
        <span
          className="cuke-date-picker-item cuke-date-picker-current-month"
          key="date-11"
          onClick={[Function]}
        >
          12
          <div
            className="cuke-date-picker-item-content"
          />
        </span>
        <span
          className="cuke-date-picker-item cuke-date-picker-current-month"
          key="date-12"
          onClick={[Function]}
        >
          13
          <div
            className="cuke-date-picker-item-content"
          />
        </span>
        <span
          className="cuke-date-picker-item cuke-date-picker-current-month"
          key="date-13"
          onClick={[Function]}
        >
          14
          <div
            className="cuke-date-picker-item-content"
          />
        </span>
        <span
          className="cuke-date-picker-item cuke-date-picker-current-month"
          key="date-14"
          onClick={[Function]}
        >
          15
          <div
            className="cuke-date-picker-item-content"
          />
        </span>
        <span
          className="cuke-date-picker-item cuke-date-picker-current-month"
          key="date-15"
          onClick={[Function]}
        >
          16
          <div
            className="cuke-date-picker-item-content"
          />
        </span>
        <span
          className="cuke-date-picker-item cuke-date-picker-current-month"
          key="date-16"
          onClick={[Function]}
        >
          17
          <div
            className="cuke-date-picker-item-content"
          />
        </span>
        <span
          className="cuke-date-picker-item cuke-date-picker-current-month"
          key="date-17"
          onClick={[Function]}
        >
          18
          <div
            className="cuke-date-picker-item-content"
          />
        </span>
        <span
          className="cuke-date-picker-item cuke-date-picker-current-month"
          key="date-18"
          onClick={[Function]}
        >
          19
          <div
            className="cuke-date-picker-item-content"
          />
        </span>
        <span
          className="cuke-date-picker-item cuke-date-picker-current-month"
          key="date-19"
          onClick={[Function]}
        >
          20
          <div
            className="cuke-date-picker-item-content"
          />
        </span>
        <span
          className="cuke-date-picker-item cuke-date-picker-current-month"
          key="date-20"
          onClick={[Function]}
        >
          21
          <div
            className="cuke-date-picker-item-content"
          />
        </span>
        <span
          className="cuke-date-picker-item cuke-date-picker-current-month"
          key="date-21"
          onClick={[Function]}
        >
          22
          <div
            className="cuke-date-picker-item-content"
          />
        </span>
        <span
          className="cuke-date-picker-item cuke-date-picker-current-month"
          key="date-22"
          onClick={[Function]}
        >
          23
          <div
            className="cuke-date-picker-item-content"
          />
        </span>
        <span
          className="cuke-date-picker-item cuke-date-picker-current-month"
          key="date-23"
          onClick={[Function]}
        >
          24
          <div
            className="cuke-date-picker-item-content"
          />
        </span>
        <span
          className="cuke-date-picker-item cuke-date-picker-current-month cuke-date-picker-selected-date"
          key="date-24"
          onClick={[Function]}
        >
          25
          <div
            className="cuke-date-picker-item-content"
          />
        </span>
        <span
          className="cuke-date-picker-item cuke-date-picker-current-month"
          key="date-25"
          onClick={[Function]}
        >
          26
          <div
            className="cuke-date-picker-item-content"
          />
        </span>
        <span
          className="cuke-date-picker-item cuke-date-picker-current-month"
          key="date-26"
          onClick={[Function]}
        >
          27
          <div
            className="cuke-date-picker-item-content"
          />
        </span>
        <span
          className="cuke-date-picker-item cuke-date-picker-current-month"
          key="date-27"
          onClick={[Function]}
        >
          28
          <div
            className="cuke-date-picker-item-content"
          />
        </span>
        <span
          className="cuke-date-picker-item cuke-date-picker-current-month"
          key="date-28"
          onClick={[Function]}
        >
          29
          <div
            className="cuke-date-picker-item-content"
          />
        </span>
        <span
          className="cuke-date-picker-item cuke-date-picker-current-month"
          key="date-29"
          onClick={[Function]}
        >
          30
          <div
            className="cuke-date-picker-item-content"
          />
        </span>
        <span
          className="cuke-date-picker-item cuke-date-picker-next-month"
          key="next-date-0"
        />
        <span
          className="cuke-date-picker-item cuke-date-picker-next-month"
          key="next-date-1"
        />
      </div>
      <div
        className="cuke-date-picker-footer cuke-date-picker-has-border"
      >
        <div
          className="cuke-date-picker-footer-today"
          onClick={[Function]}
        >
          今天
        </div>
        <div
          className="cuke-date-picker-footer-clear"
          onClick={[Function]}
        >
          清除
        </div>
      </div>
    </Spin>
  </div>
</div>
`;

exports[`<DatePicker/> should render a <DatePicker/> components 1`] = `
<div
  class="cuke-date-picker cuke-date-picker-position-bottom"
>
  <div
    class="cuke-date-picker-inner"
  >
    <input
      class="cuke-input cuke-date-picker-input"
      placeholder="请选择"
      readonly=""
      type="text"
      value=""
    />
    <svg
      class="cuke-date-picker-arrow"
      fill="none"
      height="1em"
      stroke="currentColor"
      stroke-linecap="round"
      stroke-linejoin="round"
      stroke-width="2"
      viewBox="0 0 24 24"
      width="1em"
    >
      <polyline
        points="6 9 12 15 18 9"
      />
    </svg>
  </div>
  <div
    class="cuke-date-picker-content cuke-date-picker-close cuke-ui-no-animate"
  >
    <div
      class="cuke-date-picker-header"
    >
      <span
        class="cuke-date-picker-date"
      >
        2019年   1月
      </span>
      <span
        class="cuke-date-picker-switch"
      >
        <span
          class="cuke-date-picker-switch-group"
        >
          <svg
            fill="none"
            height="1em"
            stroke="currentColor"
            stroke-linecap="round"
            stroke-linejoin="round"
            stroke-width="2"
            viewBox="0 0 24 24"
            width="1em"
          >
            <polyline
              points="15 18 9 12 15 6"
            />
          </svg>
        </span>
        <span
          class="cuke-date-picker-switch-group"
        >
          <svg
            fill="none"
            height="1em"
            stroke="currentColor"
            stroke-linecap="round"
            stroke-linejoin="round"
            stroke-width="2"
            viewBox="0 0 24 24"
            width="1em"
          >
            <polyline
              points="9 18 15 12 9 6"
            />
          </svg>
        </span>
      </span>
    </div>
    <div
      class="cuke-date-picker-items"
    >
      <div>
        <span
          class="cuke-date-picker-item cuke-date-picker-day-title"
        >
          一
        </span>
        <span
          class="cuke-date-picker-item cuke-date-picker-day-title"
        >
          二
        </span>
        <span
          class="cuke-date-picker-item cuke-date-picker-day-title"
        >
          三
        </span>
        <span
          class="cuke-date-picker-item cuke-date-picker-day-title"
        >
          四
        </span>
        <span
          class="cuke-date-picker-item cuke-date-picker-day-title"
        >
          五
        </span>
        <span
          class="cuke-date-picker-item cuke-date-picker-day-title"
        >
          六
        </span>
        <span
          class="cuke-date-picker-item cuke-date-picker-day-title"
        >
          日
        </span>
      </div>
      <span
        class="cuke-date-picker-item cuke-date-picker-last-month"
      >
        30
      </span>
      <span
        class="cuke-date-picker-item cuke-date-picker-current-month"
      >
        1
        <div
          class="cuke-date-picker-item-content"
        />
      </span>
      <span
        class="cuke-date-picker-item cuke-date-picker-current-month cuke-date-picker-selected-date"
      >
        2
        <div
          class="cuke-date-picker-item-content"
        />
      </span>
      <span
        class="cuke-date-picker-item cuke-date-picker-current-month"
      >
        3
        <div
          class="cuke-date-picker-item-content"
        />
      </span>
      <span
        class="cuke-date-picker-item cuke-date-picker-current-month"
      >
        4
        <div
          class="cuke-date-picker-item-content"
        />
      </span>
      <span
        class="cuke-date-picker-item cuke-date-picker-current-month"
      >
        5
        <div
          class="cuke-date-picker-item-content"
        />
      </span>
      <span
        class="cuke-date-picker-item cuke-date-picker-current-month"
      >
        6
        <div
          class="cuke-date-picker-item-content"
        />
      </span>
      <span
        class="cuke-date-picker-item cuke-date-picker-current-month"
      >
        7
        <div
          class="cuke-date-picker-item-content"
        />
      </span>
      <span
        class="cuke-date-picker-item cuke-date-picker-current-month"
      >
        8
        <div
          class="cuke-date-picker-item-content"
        />
      </span>
      <span
        class="cuke-date-picker-item cuke-date-picker-current-month"
      >
        9
        <div
          class="cuke-date-picker-item-content"
        />
      </span>
      <span
        class="cuke-date-picker-item cuke-date-picker-current-month"
      >
        10
        <div
          class="cuke-date-picker-item-content"
        />
      </span>
      <span
        class="cuke-date-picker-item cuke-date-picker-current-month"
      >
        11
        <div
          class="cuke-date-picker-item-content"
        />
      </span>
      <span
        class="cuke-date-picker-item cuke-date-picker-current-month"
      >
        12
        <div
          class="cuke-date-picker-item-content"
        />
      </span>
      <span
        class="cuke-date-picker-item cuke-date-picker-current-month"
      >
        13
        <div
          class="cuke-date-picker-item-content"
        />
      </span>
      <span
        class="cuke-date-picker-item cuke-date-picker-current-month"
      >
        14
        <div
          class="cuke-date-picker-item-content"
        />
      </span>
      <span
        class="cuke-date-picker-item cuke-date-picker-current-month"
      >
        15
        <div
          class="cuke-date-picker-item-content"
        />
      </span>
      <span
        class="cuke-date-picker-item cuke-date-picker-current-month"
      >
        16
        <div
          class="cuke-date-picker-item-content"
        />
      </span>
      <span
        class="cuke-date-picker-item cuke-date-picker-current-month"
      >
        17
        <div
          class="cuke-date-picker-item-content"
        />
      </span>
      <span
        class="cuke-date-picker-item cuke-date-picker-current-month"
      >
        18
        <div
          class="cuke-date-picker-item-content"
        />
      </span>
      <span
        class="cuke-date-picker-item cuke-date-picker-current-month"
      >
        19
        <div
          class="cuke-date-picker-item-content"
        />
      </span>
      <span
        class="cuke-date-picker-item cuke-date-picker-current-month"
      >
        20
        <div
          class="cuke-date-picker-item-content"
        />
      </span>
      <span
        class="cuke-date-picker-item cuke-date-picker-current-month"
      >
        21
        <div
          class="cuke-date-picker-item-content"
        />
      </span>
      <span
        class="cuke-date-picker-item cuke-date-picker-current-month"
      >
        22
        <div
          class="cuke-date-picker-item-content"
        />
      </span>
      <span
        class="cuke-date-picker-item cuke-date-picker-current-month"
      >
        23
        <div
          class="cuke-date-picker-item-content"
        />
      </span>
      <span
        class="cuke-date-picker-item cuke-date-picker-current-month"
      >
        24
        <div
          class="cuke-date-picker-item-content"
        />
      </span>
      <span
        class="cuke-date-picker-item cuke-date-picker-current-month"
      >
        25
        <div
          class="cuke-date-picker-item-content"
        />
      </span>
      <span
        class="cuke-date-picker-item cuke-date-picker-current-month"
      >
        26
        <div
          class="cuke-date-picker-item-content"
        />
      </span>
      <span
        class="cuke-date-picker-item cuke-date-picker-current-month"
      >
        27
        <div
          class="cuke-date-picker-item-content"
        />
      </span>
      <span
        class="cuke-date-picker-item cuke-date-picker-current-month"
      >
        28
        <div
          class="cuke-date-picker-item-content"
        />
      </span>
      <span
        class="cuke-date-picker-item cuke-date-picker-current-month"
      >
        29
        <div
          class="cuke-date-picker-item-content"
        />
      </span>
      <span
        class="cuke-date-picker-item cuke-date-picker-current-month"
      >
        30
        <div
          class="cuke-date-picker-item-content"
        />
      </span>
      <span
        class="cuke-date-picker-item cuke-date-picker-current-month"
      >
        31
        <div
          class="cuke-date-picker-item-content"
        />
      </span>
      <span
        class="cuke-date-picker-item cuke-date-picker-next-month"
      >
        1
      </span>
      <span
        class="cuke-date-picker-item cuke-date-picker-next-month"
      >
        2
      </span>
      <span
        class="cuke-date-picker-item cuke-date-picker-next-month"
      >
        3
      </span>
    </div>
    <div
      class="cuke-date-picker-footer cuke-date-picker-has-border"
    >
      <div
        class="cuke-date-picker-footer-today"
      >
        今天
      </div>
      <div
        class="cuke-date-picker-footer-clear"
      >
        清除
      </div>
    </div>
  </div>
</div>
`;
