// Jest Snapshot v1, https://goo.gl/fbAQLP

exports[`<Tag/> should render tag 1`] = `
<div>
  <span
    class="cuke-tag cuke-tag-default"
    style="background-color:"
  >
    黄瓜 ui
  </span>
  <span
    class="cuke-tag cuke-tag-primary"
    style="background-color:"
  >
    黄瓜 ui
  </span>
  <span
    class="cuke-tag cuke-tag-info"
    style="background-color:"
  >
    黄瓜 ui
  </span>
  <span
    class="cuke-tag cuke-tag-success"
    style="background-color:"
  >
    黄瓜 ui
  </span>
  <span
    class="cuke-tag cuke-tag-error"
    style="background-color:"
  >
    黄瓜 ui
  </span>
  <span
    class="cuke-tag cuke-tag-warning"
    style="background-color:"
  >
    黄瓜 ui
  </span>
  <span
    class="cuke-tag cuke-tag-default cuke-tag-dashed"
    style="background-color:"
  >
    黄瓜 ui
  </span>
  <span
    class="cuke-tag cuke-tag-default cuke-tag-disabled"
    style="background-color:"
  >
    黄瓜 ui
  </span>
</div>
`;
