// Jest Snapshot v1, https://goo.gl/fbAQLP

exports[`<Tag/> should render custom color 1`] = `
<div>
  <Tag
    circle={false}
    closable={false}
    color="#666"
    dashed={false}
    disabled={false}
    hollow={false}
    onClose={[Function]}
    prefixCls="cuke-tag"
    size="default"
    type="default"
  >
    黄瓜 ui
  </Tag>
  <Tag
    circle={false}
    closable={false}
    color="pink"
    dashed={false}
    disabled={false}
    hollow={false}
    onClose={[Function]}
    prefixCls="cuke-tag"
    size="default"
    type="default"
  >
    黄瓜 ui
  </Tag>
  <Tag
    circle={false}
    closable={false}
    color="#f63"
    dashed={false}
    disabled={false}
    hollow={false}
    onClose={[Function]}
    prefixCls="cuke-tag"
    size="default"
    type="default"
  >
    黄瓜 ui
  </Tag>
</div>
`;

exports[`<Tag/> should render tag 1`] = `
<div>
  <span
    class="cuke-tag cuke-tag-default"
    style="background-color:"
  >
    <span>
      黄瓜 ui
    </span>
  </span>
  <span
    class="cuke-tag cuke-tag-primary"
    style="background-color:"
  >
    <span>
      黄瓜 ui
    </span>
  </span>
  <span
    class="cuke-tag cuke-tag-info"
    style="background-color:"
  >
    <span>
      黄瓜 ui
    </span>
  </span>
  <span
    class="cuke-tag cuke-tag-success"
    style="background-color:"
  >
    <span>
      黄瓜 ui
    </span>
  </span>
  <span
    class="cuke-tag cuke-tag-error"
    style="background-color:"
  >
    <span>
      黄瓜 ui
    </span>
  </span>
  <span
    class="cuke-tag cuke-tag-warning"
    style="background-color:"
  >
    <span>
      黄瓜 ui
    </span>
  </span>
  <span
    class="cuke-tag cuke-tag-warning cuke-tag-hollow cuke-tag-circle"
    style="background-color:"
  >
    <span>
      黄瓜 ui
    </span>
  </span>
  <span
    class="cuke-tag cuke-tag-warning cuke-tag-hollow"
    style="background-color:"
  >
    <span>
      黄瓜 ui
    </span>
  </span>
  <span
    class="cuke-tag cuke-tag-warning cuke-tag-disabled cuke-tag-circle"
    style="background-color:"
  >
    <span>
      黄瓜 ui
    </span>
  </span>
  <span
    class="cuke-tag cuke-tag-default cuke-tag-dashed"
    style="background-color:"
  >
    <span>
      黄瓜 ui
    </span>
  </span>
  <span
    class="cuke-tag cuke-tag-default cuke-tag-disabled"
    style="background-color:"
  >
    <span>
      黄瓜 ui
    </span>
  </span>
</div>
`;
