// Jest Snapshot v1, https://goo.gl/fbAQLP

exports[`<Upload/> should render a <Upload/> components 1`] = `
<div
  className="cuke-upload"
  name="file"
  onError={[Function]}
  onPreview={[Function]}
  onProgress={[Function]}
  onSelect={[Function]}
>
  <input
    hidden={true}
    multiple={false}
    onChange={[Function]}
    type="file"
  />
  <div
    className="cuke-upload-inner"
    onClick={[Function]}
  >
    选择文件
  </div>
  <ul
    className="cuke-upload-upload-list"
  />
</div>
`;
